3
5,baz@quux.org,harry.houdini@invisible.net
10,harry.houdini@invisible.net,professor@very.important.edu
18